// Jest Snapshot v1, https://goo.gl/fbAQLP

exports[`queried-for fails when the actual does not match the expected 1`] = `
"expected <Fixture /> queried for '#parent' to render as <div id=\\"child\\">Foo</div>

<div id=\\"parent\\">
  <div id=\\"child\\">
    Children // -Children
             // +Foo
  </div>
</div>"
`;
