// Jest Snapshot v1, https://goo.gl/fbAQLP

exports[`to-be-checked mount fails when the actual does not match the expected 1`] = `"expected <input id=\\"not\\"> to be checked"`;

exports[`to-be-checked mount fails when the actual does not match the expected 2`] = `"expected <input id=\\"checked\\"> not to be checked"`;

exports[`to-be-checked shallow fails when the actual does not match the expected 1`] = `"expected <input id=\\"not\\" defaultChecked={false} /> to be checked"`;

exports[`to-be-checked shallow fails when the actual does not match the expected 2`] = `"expected <input id=\\"checked\\" defaultChecked /> not to be checked"`;
