// Jest Snapshot v1, https://goo.gl/fbAQLP

exports[`to-have-props-satisfying fails when the actual does not match the expected 1`] = `
"Element did not exist in:

<Fixture><div><div id=\\"parent\\" /></div></Fixture>"
`;

exports[`to-have-props-satisfying fails when the actual negated matches the expected 1`] = `"expected <div id=\\"parent\\" /> not to exist"`;

exports[`to-have-props-satisfying with queried for fails when the actual does not match the expected 1`] = `
"expected <Fixture><div><div id=\\"parent\\" /></div></Fixture>
queried for '#foobar' to exist"
`;
