// Jest Snapshot v1, https://goo.gl/fbAQLP

exports[`to-have-props fails when the actual does not match the expected 1`] = `
"expected <User name=\\"Harriet Banks\\" email=\\"harriet.banks@kinetar.com\\" />
to have props [ 'name', 'account' ]"
`;

exports[`to-have-props when negated fails when the actual does match the expected 1`] = `"expected <User name=\\"Harriet\\" /> not to have props [ 'name' ]"`;
