// Jest Snapshot v1, https://goo.gl/fbAQLP

exports[`to-have-context-satisfying fails when the actual does not match the expected 1`] = `
"expected
<User>
  <div className=\\"user\\">
    Harriet Smith
    <span className=\\"email\\">harriet.smith@example.tld</span>
  </div>
</User>
to have context satisfying { name: /Foo$/, email: 'harriet.smith@example.tld' }

{
  name: 'Harriet Smith', // should match /Foo$/
  email: 'harriet.smith@example.tld'
}"
`;
