// Jest Snapshot v1, https://goo.gl/fbAQLP

exports[`to-render-text <assertion> fails when actual does not match the expected 1`] = `"expected 'important' to match /foo/"`;

exports[`to-render-text <assertion> fails when actual does not match the expected 2`] = `
"expected 'important' to have length 10
  expected 9 to be 10"
`;
